// Jest Snapshot v1, https://goo.gl/fbAQLP

exports[`Create User UI renders correctly 1`] = `
<div
  className="container sc-gZMcBi dCdvRp"
>
  <form
    className="form-signin"
  >
    <h2
      className="sc-bxivhb kRbHZm"
    >
      Formette
    </h2>
    <h6
      className="sc-bZQynM hpyxrd"
    >
      Seriously? Your forms do not have a home for the data? Do not worry, they will not be without shelter.
    </h6>
    <label
      className="sr-only"
      htmlFor="signupUsername"
    >
      Username
    </label>
    <input
      autoFocus={true}
      className="form-control sc-bwzfXH kUMhZx"
      id="signupUsername"
      onChange={[Function]}
      onKeyUp={[Function]}
      placeholder="Username"
      required={true}
      type="text"
      value=""
    />
    <label
      className="sr-only"
      htmlFor="signupEmail"
    >
      Email address
    </label>
    <input
      autoFocus={true}
      className="form-control sc-bwzfXH kUMhZx"
      id="signupEmail"
      onChange={[Function]}
      placeholder="Email address"
      required={true}
      type="email"
      value=""
    />
    <label
      className="sr-only"
      htmlFor="signupPassword"
    >
      Password
    </label>
    <input
      autoFocus={true}
      className="form-control sc-bwzfXH kUMhZx"
      id="signupPassword"
      onChange={[Function]}
      onKeyUp={[Function]}
      placeholder="Password"
      required={true}
      type="password"
      value=""
    />
    <button
      className="btn btn-lg btn-primary btn-block sc-bdVaJa hayiWv"
      color="#7950f2"
      onClick={[Function]}
      style={
        Object {
          "marginBottom": 10,
          "marginTop": 10,
        }
      }
      type="button"
    >
      Create Account
    </button>
    <a
      className="sc-htpNat jfadgg"
      onClick={[Function]}
    >
      Already have an account? Your forms miss you.
       
      <u>
        <strong>
          Sign In
        </strong>
      </u>
    </a>
  </form>
</div>
`;
