// Jest Snapshot v1, https://goo.gl/fbAQLP

exports[`Profile UI renders correctly 1`] = `
<div>
  <div
    className="css-1bdcmy7"
  >
    <span />
  </div>
  <div
    className="card mx-auto animated zoomInUp sc-kAzzGY cfOeAw"
    style={
      Object {
        "display": "none",
      }
    }
  >
    <div
      className="card-body"
    >
      <h3
        className="sc-ifAKCX dYpvlb"
      >
        Are you sure?
      </h3>
      <p
        className="sc-EHOje fkFstZ"
      >
        All your endpoints will be changed to the new username. Do not forget to change in your apps.
      </p>
      <div
        className="text-right"
      >
        <a
          className="cancelAction sc-htpNat jfadgg"
          onClick={[Function]}
        >
          Cancel
        </a>
        <button
          className="btn sc-bdVaJa fFweCv"
          color="#12b886"
          onClick={[Function]}
          type="button"
        >
          Confirm
        </button>
      </div>
    </div>
  </div>
  <div
    className="row"
  >
    <div
      className="col-md-12"
    >
      <h2
        className="sc-bxivhb kRbHZm"
      >
        Hey, undefined
      </h2>
    </div>
  </div>
  <div
    className="row"
  >
    <div
      className="col-md-6"
    >
      <form>
        <div
          className="form-group "
        >
          <h6
            className="sc-bZQynM ekLzcz"
          >
            Username:
          </h6>
          <input
            className="form-control sc-bwzfXH kUMhZx"
            defaultValue="vacom"
            onChange={[Function]}
            onKeyUp={[Function]}
            placeholder="username"
            type="text"
          />
          
        </div>
        <button
          className="btn btn-lg btn-primary btn-block sc-bdVaJa hayiWv"
          color="#7950f2"
          onClick={[Function]}
          type="button"
        >
          Update profile
        </button>
      </form>
    </div>
    <div
      className="col-md-6"
    >
      <div
        className="card"
        style={
          Object {
            "marginTop": 10,
          }
        }
      >
        <div
          className="card-body"
        >
          <h6
            className="sc-bZQynM ekLzcz"
          >
            Statistics:
          </h6>
          <p
            className="sc-EHOje VGcDz"
          >
            We are great analysts, here you have your statistics of your forms.
          </p>
          <h3
            className="sc-ifAKCX dYpvlb"
          >
            3 forms created
          </h3>
        </div>
      </div>
      <div
        className="card"
        style={
          Object {
            "marginTop": 10,
          }
        }
      >
        <div
          className="card-body"
        >
          <h6
            className="sc-bZQynM ekLzcz"
          >
            Current Plan:
          </h6>
          <p
            className="sc-EHOje VGcDz"
          >
            More plans soon, as the platform is in beta you have access to all features.
          </p>
          <h2>
            <span
              className="badge badge-dark"
            >
              All the features
            </span>
          </h2>
        </div>
      </div>
      <div
        className="card"
        style={
          Object {
            "marginTop": 10,
          }
        }
      >
        <div
          className="card-body"
        >
          <h6
            className="sc-bZQynM ekLzcz"
          >
            Settings:
          </h6>
          <p
            className="sc-EHOje VGcDz"
          >
            This is a dangerous zone, so be careful, here you will find your settings.
          </p>
          <ul
            className="list-inline"
          >
            <li>
              <a
                className="sc-htpNat jfadgg"
                onClick={[Function]}
              >
                Log Out
              </a>
            </li>
            <li>
              <a
                className="sc-htpNat jfadgg"
                href="http://www.formette.com/docs"
                target="_blank"
              >
                Help
              </a>
            </li>
            <li>
              <a
                className="sc-htpNat iZrbGc"
                color="#fa5252"
              >
                Delete Account
              </a>
            </li>
          </ul>
        </div>
      </div>
    </div>
  </div>
</div>
`;
